ARM Linker, 4.1 [Build 561] [Evaluation]

==============================================================================

Section Cross References

    burbuja.o(prog) refers to burbuja.o(datos) for basePILA


==============================================================================

Image Symbol Table

    Local Symbols

    Symbol Name                              Value     Ov Type        Size  Object(Section)

    burbuja.s                                0x00000000   Number         0  burbuja.o ABSOLUTE
    prog                                     0x00400000   Section      120  burbuja.o(prog)
    datos                                    0x00400078   Section       84  burbuja.o(datos)
    vectorDesordenado                        0x00400078   Data          20  burbuja.o(datos)
    basePILA                                 0x004000cc   Data           0  burbuja.o(datos)

    Global Symbols

    Symbol Name                              Value     Ov Type        Size  Object(Section)

    BuildAttributes$$THM_ISAv1$ARM_ISAv4$S$PE$A:L22$X:L11$S22$IEEE1$IW$USESV6$~STKCKD$USESV7$~SHL$OSPACE$EBA8$STANDARDLIB$EABIv2 0x00000000   Number         0  anon$$obj.o ABSOLUTE



==============================================================================

Memory Map of the image

  Image Entry point : 0x00400000

  Load Region LR_IRAM1 (Base: 0x00400000, Size: 0x000000cc, Max: 0x00004000, ABSOLUTE)

    Execution Region ER_IRAM1 (Base: 0x00400000, Size: 0x000000cc, Max: 0xffffffff, ABSOLUTE)

    Base Addr    Size         Type   Attr      Idx    E Section Name        Object

    0x00400000   0x00000078   Code   RO            2  * prog                burbuja.o
    0x00400078   0x00000054   Data   RW            1    datos               burbuja.o


==============================================================================

Image component sizes


      Code (inc. data)   RO Data    RW Data    ZI Data      Debug   Object Name

       120          8          0         84          0        292   burbuja.o

    ----------------------------------------------------------------------
       120          8          0         84          0        292   Object Totals
         0          0          0          0          0          0   (incl. Generated)
         0          0          0          0          0          0   (incl. Padding)

    ----------------------------------------------------------------------
         0          0          0          0          0          0   Library Totals
         0          0          0          0          0          0   (incl. Padding)

    ----------------------------------------------------------------------

==============================================================================


      Code (inc. data)   RO Data    RW Data    ZI Data      Debug   

       120          8          0         84          0        292   Grand Totals
       120          8          0         84          0        292   ELF Image Totals
       120          8          0         84          0          0   ROM Totals

==============================================================================

    Total RO  Size (Code + RO Data)                  120 (   0.12kB)
    Total RW  Size (RW Data + ZI Data)                84 (   0.08kB)
    Total ROM Size (Code + RO Data + RW Data)        204 (   0.20kB)

==============================================================================

