ARM Linker, 4.1 [Build 561] [Evaluation]

==============================================================================

Section Cross References

    suma.o(prog) refers to suma.o(datos) for basePILA


==============================================================================

Image Symbol Table

    Local Symbols

    Symbol Name                              Value     Ov Type        Size  Object(Section)

    Suma.s                                   0x00000000   Number         0  suma.o ABSOLUTE
    prog                                     0x00400000   Section       84  suma.o(prog)
    datos                                    0x00400054   Section       76  suma.o(datos)
    Dato_a                                   0x00400054   Data           4  suma.o(datos)
    basePILA                                 0x004000a0   Data           0  suma.o(datos)

    Global Symbols

    Symbol Name                              Value     Ov Type        Size  Object(Section)

    BuildAttributes$$THM_ISAv1$ARM_ISAv4$S$PE$A:L22$X:L11$S22$IEEE1$IW$USESV6$~STKCKD$USESV7$~SHL$OSPACE$EBA8$STANDARDLIB$EABIv2 0x00000000   Number         0  anon$$obj.o ABSOLUTE



==============================================================================

Memory Map of the image

  Image entry point : Not specified.

  Load Region LR_IRAM1 (Base: 0x00400000, Size: 0x000000a0, Max: 0x00004000, ABSOLUTE)

    Execution Region ER_IRAM1 (Base: 0x00400000, Size: 0x000000a0, Max: 0xffffffff, ABSOLUTE)

    Base Addr    Size         Type   Attr      Idx    E Section Name        Object

    0x00400000   0x00000054   Code   RO            2    prog                suma.o
    0x00400054   0x0000004c   Data   RW            1    datos               suma.o


==============================================================================

Image component sizes


      Code (inc. data)   RO Data    RW Data    ZI Data      Debug   Object Name

        84          8          0         76          0        272   suma.o

    ----------------------------------------------------------------------
        84          8          0         76          0        272   Object Totals
         0          0          0          0          0          0   (incl. Generated)
         0          0          0          0          0          0   (incl. Padding)

    ----------------------------------------------------------------------
         0          0          0          0          0          0   Library Totals
         0          0          0          0          0          0   (incl. Padding)

    ----------------------------------------------------------------------

==============================================================================


      Code (inc. data)   RO Data    RW Data    ZI Data      Debug   

        84          8          0         76          0        272   Grand Totals
        84          8          0         76          0        272   ELF Image Totals
        84          8          0         76          0          0   ROM Totals

==============================================================================

    Total RO  Size (Code + RO Data)                   84 (   0.08kB)
    Total RW  Size (RW Data + ZI Data)                76 (   0.07kB)
    Total ROM Size (Code + RO Data + RW Data)        160 (   0.16kB)

==============================================================================

