ARM Linker, 4.1 [Build 561] [Evaluation]

==============================================================================

Section Cross References

    codigo.o(prog) refers to codigo.o(datos) for vector


==============================================================================

Image Symbol Table

    Local Symbols

    Symbol Name                              Value     Ov Type        Size  Object(Section)

    codigo.s                                 0x00000000   Number         0  codigo.o ABSOLUTE
    prog                                     0x40000000   Section       76  codigo.o(prog)
    datos                                    0x4000004c   Section       41  codigo.o(datos)
    vector                                   0x4000004c   Data          40  codigo.o(datos)
    suma                                     0x40000074   Data           1  codigo.o(datos)

    Global Symbols

    Symbol Name                              Value     Ov Type        Size  Object(Section)

    BuildAttributes$$THM_ISAv1$ARM_ISAv4$S$PE$A:L22$X:L11$S22$IEEE1$IW$USESV6$~STKCKD$USESV7$~SHL$OSPACE$EBA8$STANDARDLIB$PRES8$EABIv2 0x00000000   Number         0  anon$$obj.o ABSOLUTE



==============================================================================

Memory Map of the image

  Image entry point : Not specified.

  Load Region LR_IRAM1 (Base: 0x40000000, Size: 0x00000078, Max: 0x00004000, ABSOLUTE)

    Execution Region ER_IRAM1 (Base: 0x40000000, Size: 0x00000078, Max: 0xffffffff, ABSOLUTE)

    Base Addr    Size         Type   Attr      Idx    E Section Name        Object

    0x40000000   0x0000004c   Code   RO            2    prog                codigo.o
    0x4000004c   0x00000029   Data   RW            1    datos               codigo.o


==============================================================================

Image component sizes


      Code (inc. data)   RO Data    RW Data    ZI Data      Debug   Object Name

        76         12          0         41          0        268   codigo.o

    ----------------------------------------------------------------------
        76         12          0         44          0        268   Object Totals
         0          0          0          0          0          0   (incl. Generated)
         0          0          0          3          0          0   (incl. Padding)

    ----------------------------------------------------------------------
         0          0          0          0          0          0   Library Totals
         0          0          0          0          0          0   (incl. Padding)

    ----------------------------------------------------------------------

==============================================================================


      Code (inc. data)   RO Data    RW Data    ZI Data      Debug   

        76         12          0         44          0        268   Grand Totals
        76         12          0         44          0        268   ELF Image Totals
        76         12          0         44          0          0   ROM Totals

==============================================================================

    Total RO  Size (Code + RO Data)                   76 (   0.07kB)
    Total RW  Size (RW Data + ZI Data)                44 (   0.04kB)
    Total ROM Size (Code + RO Data + RW Data)        120 (   0.12kB)

==============================================================================

