ARM Linker, 4.1 [Build 561] [Evaluation]

==============================================================================

Section Cross References

    practica2.o(prog) refers to practica2.o(datos) for vector


==============================================================================

Image Symbol Table

    Local Symbols

    Symbol Name                              Value     Ov Type        Size  Object(Section)

    practica2.s                              0x00000000   Number         0  practica2.o ABSOLUTE
    datos                                    0x00400000   Section     2048  practica2.o(datos)
    vector                                   0x00400000   Data        2048  practica2.o(datos)
    prog                                     0x10400000   Section       40  practica2.o(prog)

    Global Symbols

    Symbol Name                              Value     Ov Type        Size  Object(Section)

    BuildAttributes$$THM_ISAv1$ARM_ISAv4$S$PE$A:L22$X:L11$S22$IEEE1$IW$USESV6$~STKCKD$USESV7$~SHL$OSPACE$EBA8$STANDARDLIB$PRES8$EABIv2 0x00000000   Number         0  anon$$obj.o ABSOLUTE



==============================================================================

Memory Map of the image

  Image Entry point : 0x10400000

  Load Region LR_1 (Base: 0x10400000, Size: 0x00000828, Max: 0xffffffff, ABSOLUTE)

    Execution Region ER_RW (Base: 0x00400000, Size: 0x00000800, Max: 0xffffffff, ABSOLUTE)

    Base Addr    Size         Type   Attr      Idx    E Section Name        Object

    0x00400000   0x00000800   Data   RW            1    datos               practica2.o


    Execution Region ER_ZI (Base: 0x00400800, Size: 0x00000000, Max: 0xffffffff, ABSOLUTE)

    **** No section assigned to this execution region ****


    Execution Region ER_RO (Base: 0x10400000, Size: 0x00000028, Max: 0xffffffff, ABSOLUTE)

    Base Addr    Size         Type   Attr      Idx    E Section Name        Object

    0x10400000   0x00000028   Code   RO            2  * prog                practica2.o


==============================================================================

Image component sizes


      Code (inc. data)   RO Data    RW Data    ZI Data      Debug   Object Name

        40          4          0       2048          0        284   practica2.o

    ----------------------------------------------------------------------
        40          4          0       2048          0        284   Object Totals
         0          0          0          0          0          0   (incl. Generated)
         0          0          0          0          0          0   (incl. Padding)

    ----------------------------------------------------------------------
         0          0          0          0          0          0   Library Totals
         0          0          0          0          0          0   (incl. Padding)

    ----------------------------------------------------------------------

==============================================================================


      Code (inc. data)   RO Data    RW Data    ZI Data      Debug   

        40          4          0       2048          0        284   Grand Totals
        40          4          0       2048          0        284   ELF Image Totals
        40          4          0       2048          0          0   ROM Totals

==============================================================================

    Total RO  Size (Code + RO Data)                   40 (   0.04kB)
    Total RW  Size (RW Data + ZI Data)              2048 (   2.00kB)
    Total ROM Size (Code + RO Data + RW Data)       2088 (   2.04kB)

==============================================================================

