ARM Linker, 4.1 [Build 561] [Evaluation]

==============================================================================

Section Cross References

    insercion.o(prog) refers to insercion.o(datos) for inicioPILA


==============================================================================

Image Symbol Table

    Local Symbols

    Symbol Name                              Value     Ov Type        Size  Object(Section)

    insercion.s                              0x00000000   Number         0  insercion.o ABSOLUTE
    prog                                     0x00400000   Section      144  insercion.o(prog)
    datos                                    0x00400090   Section       84  insercion.o(datos)
    vector                                   0x00400090   Data          20  insercion.o(datos)
    inicioPILA                               0x004000e4   Data           0  insercion.o(datos)

    Global Symbols

    Symbol Name                              Value     Ov Type        Size  Object(Section)

    BuildAttributes$$THM_ISAv1$ARM_ISAv4$S$PE$A:L22$X:L11$S22$IEEE1$IW$USESV6$~STKCKD$USESV7$~SHL$OSPACE$EBA8$STANDARDLIB$EABIv2 0x00000000   Number         0  anon$$obj.o ABSOLUTE



==============================================================================

Memory Map of the image

  Image Entry point : 0x00400000

  Load Region LR_IRAM1 (Base: 0x00400000, Size: 0x000000e4, Max: 0x00004000, ABSOLUTE)

    Execution Region ER_IRAM1 (Base: 0x00400000, Size: 0x000000e4, Max: 0xffffffff, ABSOLUTE)

    Base Addr    Size         Type   Attr      Idx    E Section Name        Object

    0x00400000   0x00000090   Code   RO            2  * prog                insercion.o
    0x00400090   0x00000054   Data   RW            1    datos               insercion.o


==============================================================================

Image component sizes


      Code (inc. data)   RO Data    RW Data    ZI Data      Debug   Object Name

       144          8          0         84          0        304   insercion.o

    ----------------------------------------------------------------------
       144          8          0         84          0        304   Object Totals
         0          0          0          0          0          0   (incl. Generated)
         0          0          0          0          0          0   (incl. Padding)

    ----------------------------------------------------------------------
         0          0          0          0          0          0   Library Totals
         0          0          0          0          0          0   (incl. Padding)

    ----------------------------------------------------------------------

==============================================================================


      Code (inc. data)   RO Data    RW Data    ZI Data      Debug   

       144          8          0         84          0        304   Grand Totals
       144          8          0         84          0        304   ELF Image Totals
       144          8          0         84          0          0   ROM Totals

==============================================================================

    Total RO  Size (Code + RO Data)                  144 (   0.14kB)
    Total RW  Size (RW Data + ZI Data)                84 (   0.08kB)
    Total ROM Size (Code + RO Data + RW Data)        228 (   0.22kB)

==============================================================================

